
[0;34m========================================[0m
[0;34mPRUEBAS COMPLETAS - API DE GRUPOS[0m
[0;34m========================================[0m


[0;34m========================================[0m
[0;34m1. REGISTRO DE USUARIOS[0m
[0;34m========================================[0m

Registrando usuario 1 (Admin del grupo)...
[0;31m✗ Error al registrar usuario 1[0m
{"success":false,"message":"El email ya está registrado"}
